A	4.0	1.3358556E9	10.0
B	6.0	1.338534E9	15.0
C	7.935483870967801	1.341126E9	19.8387096774195
D	6.0	1.3438044E9	15.0
E	8.0	1.3464828E9	20.0
F	10.0	1.3490748E9	25.0
	17.809139784941863	1.3543488E9	44.52284946235466
I	19.809139784941863	1.3570272E9	49.52284946235466
